I saw a function called func
	it has 0 loop(s)
I saw a function called main
	it has 0 loop(s)
