I saw a function called func
	it has 0 loops
I saw a function called main
	it has 0 loops
