I saw a function called func!
I saw a function called main!
